cscope 15 $HOME/Dropbox/Desktop_mac/Fall-13_Courses/Systems-CS630/Projects/Remodel/tests               0000003802
	@Makefile

1 
	gÆl
: 
¢≠


3 
¢≠
: 
maö
.
o
 
drivîs
.ÿ
fûesy°em
.ÿ
√tw‹k
.ÿ
sched
.o

4 
gcc
 
maö
.
o
 
drivîs
.ÿ
fûesy°em
.ÿ
√tw‹k
.ÿ
sched
.ÿ-ÿ
¢≠


6 
maö
.
o
: maö.
c


7 
gcc
 -
c
 
maö
.c

9 
drivîs
.
o
: drivîs.
c


10 
gcc
 -
c
 
drivîs
.c

12 
fûesy°em
.
o
: fûesy°em.
c


13 
gcc
 -
c
 
fûesy°em
.c

15 
√tw‹k
.
o
:Çëw‹k.
c


16 
gcc
 -
c
 
√tw‹k
.c

18 
sched
.
o
: sched.
c


19 
gcc
 -
c
 
sched
.c

21 
˛ón
:

22 
rm
 -
rf
 *.
o
 
¢≠


	@drivers.c

1 
	~<°dio.h
>

2 
	~<°dlib.h
>

3 
	~"drivîs.h
"

6 
	$drivîs_öô
() {

7 
a
;

8 
b
;

9 
c
;

10 
c
 = 
a
+
b
;

11 
	`¥ötf
("%†%s: sumêo‡®™d b: %d\n", 
__FILE__
, 
__FUNCTION__
, 
c
);

12 
	}
}

14 
	$drivîs_run
() {

15 
hñlo
 = 20;

16 
w‹ld
 = 10;

17 
hñlow‹ld
;

18 
hñlow‹ld
 = 
hñlo
 + 
w‹ld
;

19 
	`¥ötf
("%†%s: hñlow‹ld: %d\n", 
__FILE__
, 
__FUNCTION__
, 
hñlow‹ld
);

20 
	}
}

22 
	$drivîs_upd©e
() {

23 
i
;

24 
j
;

25 
i
 = 20;

26 
j
 = 30;

27 
	`¥ötf
("%†%s: sum o‡ò™d j:%d\n", 
__FILE__
, 
__FUNCTION__
, 
i
 + 
j
);

28 
	}
}

	@drivers.h

1 #i‚de‡
DRIVERS_H


2 
	#DRIVERS_H


	)

3 
	~<°dio.h
>

4 
	~<°dlib.h
>

6 
drivîs_öô
();

7 
drivîs_run
();

8 
drivîs_upd©e
();

	@filesystem.c

1 
	~<°dio.h
>

2 
	~<°dlib.h
>

3 
	~"fûesy°em.h
"

5 
	$fûesy°em_öô
() {

6 
a
;

7 
b
;

8 
c
;

9 
c
 = 
a
+
b
;

10 
	`¥ötf
("%†%s: sumêo‡®™d b: %d\n", 
__FILE__
, 
__FUNCTION__
, 
c
);

11 
	}
}

13 
	$fûesy°em_run
() {

14 
hñlo
 = 20;

15 
w‹ld
 = 10;

16 
hñlow‹ld
;

17 
hñlow‹ld
 = 
hñlo
 + 
w‹ld
;

18 
	`¥ötf
("%†%s: hñlow‹ld: %d\n", 
__FILE__
, 
__FUNCTION__
, 
hñlow‹ld
);

19 
	}
}

21 
	$fûesy°em_upd©e
() {

22 
i
;

23 
j
;

24 
i
 = 20;

25 
j
 = 30;

26 
	`¥ötf
("%†%s: sum o‡ò™d j:%d", 
__FILE__
, 
__FUNCTION__
,
i
 + 
j
);

27 
	}
}

	@filesystem.h

1 #i‚de‡
FILESYSTEM_H


2 
	#FILESYSTEM_H


	)

4 
	~<°dio.h
>

5 
	~<°dlib.h
>

7 
fûesy°em_öô
();

8 
fûesy°em_run
();

9 
fûesy°em_upd©e
();

	@main.c

1 
	~<°dio.h
>

2 
	~<°dlib.h
>

3 
	~"drivîs.h
"

4 
	~"√tw‹k.h
"

5 
	~"sched.h
"

6 
	~"fûesy°em.h
"

9 
	$maö
() {

10 
	`drivîs_öô
();

11 
	`drivîs_upd©e
();

12 
	`fûesy°em_öô
();

13 
	`√tw‹k_öô
();

14 
	`sched_öô
();

16 
	`sched_upd©e
();

17 
	`√tw‹k_upd©e
();

19 
	}
}

	@network.c

1 
	~<°dio.h
>

2 
	~<°dlib.h
>

3 
	~"√tw‹k.h
"

6 
	$√tw‹k_öô
() {

7 
a
;

8 
b
;

9 
c
;

10 
c
 = 
a
+
b
;

11 
	`¥ötf
("%†%s: sumêo‡®™d b: %d\n", 
__FILE__
, 
__FUNCTION__
, 
c
);

12 
	}
}

14 
	$√tw‹k_run
() {

15 
hñlo
 = 20;

16 
w‹ld
 = 10;

17 
hñlow‹ld
;

18 
hñlow‹ld
 = 
hñlo
 + 
w‹ld
;

19 
	`¥ötf
("%†%s: hñlow‹ld: %d\n", 
__FILE__
, 
__FUNCTION__
, 
hñlow‹ld
);

20 
	}
}

22 
	$√tw‹k_upd©e
() {

23 
i
;

24 
j
;

25 
i
 = 20;

26 
j
 = 30;

27 
	`¥ötf
("%†%s: sum o‡ò™d j:%d\n", 
__FILE__
, 
__FUNCTION__
, 
i
 + 
j
);

28 
	}
}

	@network.h

1 #i‚de‡
NETWORK_H


2 
	#NETWORK_H


	)

4 
	~<°dio.h
>

5 
	~<°dlib.h
>

6 
√tw‹k_öô
();

7 
√tw‹k_run
();

8 
√tw‹k_upd©e
();

	@sched.c

1 
	~<°dio.h
>

2 
	~<°dlib.h
>

3 
	~"sched.h
"

5 
	$sched_öô
() {

6 
a
;

7 
b
;

8 
c
;

9 
c
 = 
a
+
b
;

10 
	`¥ötf
("%†%s: sumêo‡®™d b: %d\n", 
__FILE__
, 
__FUNCTION__
, 
c
);

11 
	}
}

13 
	$sched_run
() {

14 
hñlo
 = 20;

15 
w‹ld
 = 10;

16 
hñlow‹ld
;

17 
hñlow‹ld
 = 
hñlo
 + 
w‹ld
;

18 
	`¥ötf
("%†%s: hñlow‹ld: %d\n", 
__FILE__
, 
__FUNCTION__
, 
hñlow‹ld
);

19 
	}
}

21 
	$sched_upd©e
() {

22 
i
;

23 
j
;

24 
i
 = 20;

25 
j
 = 30;

26 
	`¥ötf
("%†%s: sum o‡ò™d j:%d\n", 
__FILE__
, 
__FUNCTION__
, 
i
 + 
j
);

27 
	}
}

	@sched.h

1 #i‚de‡
SCHED_H


2 
	#SCHED_H


	)

3 
	~<°dio.h
>

4 
	~<°dlib.h
>

6 
sched_öô
();

7 
sched_run
();

8 
sched_upd©e
();

	@
1
.
0
10
98
Makefile
drivers.c
drivers.h
filesystem.c
filesystem.h
main.c
network.c
network.h
sched.c
sched.h
